/* this file has been automatically generated */
import FeedWithFeedItemsCount from '@/types/generated/Models/FeedWithFeedItemsCount';

type ShortFeedWithFeedItemsCount = Pick<FeedWithFeedItemsCount, 'id' | 'feed_items_count'>;

export default ShortFeedWithFeedItemsCount;
