/* this file has been automatically generated */
import User from '@/types/generated/Models/User';
import Category from '@/types/generated/Models/Category';
import FeedItem from '@/types/generated/Models/FeedItem';

type Feed = {
    id: number /** cast attribute */;
    user_id: number;
    category_id: number;
    feed_url: string;
    site_url: string;
    favicon_url: string | null;
    name: string;
    language: string;
    is_purgeable: boolean /** cast attribute */;
    last_checked_at: string | null /** cast attribute */;
    last_failed_at: string | null /** cast attribute */;
    created_at: string | null;
    updated_at: string | null;
    user: User;
    category: Category;
    feed_items: FeedItem[];
};

export default Feed;
