/* this file has been automatically generated */
import Feed from '@/types/generated/Models/Feed';

type ShortFeed = Pick<Feed, 'id' | 'name'>;

export default ShortFeed;
